// Jest Snapshot v1, https://goo.gl/fbAQLP

exports[`renders correctly 1`] = `
.c0 {
  box-sizing: border-box;
  margin: 0;
  border: none;
  outline: none;
  white-space: nowrap;
  overflow: hidden;
  position: relative;
  background: transparent;
  font-family: inherit;
  font-weight: 700;
  width: auto;
  line-height: 1em;
  font-size: 14px;
  border-radius: 10px;
  padding: 21px 44px;
  min-width: 120px;
  color: var(--lido-color-primaryContrast);
  background-color: var(--lido-color-primary);
  -webkit-transition: background-color 100ms ease;
  transition: background-color 100ms ease;
}

.c0:before {
  content: '';
  position: absolute;
  top: 0;
  right: 0;
  bottom: 0;
  left: 0;
  pointer-events: none;
  border-radius: inherit;
  display: none;
}

.c0:not(:disabled) {
  cursor: pointer;
}

.c0:disabled {
  opacity: 0.5;
}

.c0:not(:disabled):hover,
.c0:focus-visible {
  background-color: var(--lido-color-primaryHover);
}

.c1 {
  position: relative;
  pointer-events: none;
  visibility: visible;
}

<button
  class="c0"
  type="button"
>
  <span
    class="c1"
  >
    Test
  </span>
</button>
`;
